// Jest Snapshot v1, https://goo.gl/fbAQLP

exports[`matches the snapshot 1`] = `
<div>
  <input
    autoCapitalize="off"
    data-testid="inputid"
    name="name"
    onBlur={[Function]}
    onChange={[MockFunction]}
    placeholder="name"
    required={true}
    type="text"
  />
</div>
`;
